node : Jest: importing JSON without an import attribute is deprecated and will be a hard error in the next major. 
Update the import of "C:\Users\Usuario\Downloads\Entrypoint-GitHUb\alovida\mantra-core-health-api\src\common\seed\data\
bolivia\insurance-carriers.dataset.json" (from C:\Users\Usuario\Downloads\Entrypoint-GitHUb\alovida\mantra-core-health-
api\src\common\seed\bolivia-insurance.catalog.ts): use `with { type: 'json' }` for static imports, or pass `{ with: { 
type: 'json' } }` as the second argument to dynamic `import()`.
En línea: 2 Carácter: 1
+ node --experimental-vm-modules node_modules/jest-cli/bin/jest.js --co ...
+ ~~~~~~~~~~~~~~~~~~~~~~~~~~~~~~~~~~~~~~~~~~~~~~~~~~~~~~~~~~~~~~~~~~~~~
    + CategoryInfo          : NotSpecified: (Jest: importing...mic `import()`.:String) [], RemoteException
    + FullyQualifiedErrorId : NativeCommandError
 
Jest: importing JSON without an import attribute is deprecated and will be a hard error in the next major. Update the 
import of "C:\Users\Usuario\Downloads\Entrypoint-GitHUb\alovida\mantra-core-health-api\src\common\seed\data\bolivia\ins
urance-carrier-contact-channels.dataset.json" (from C:\Users\Usuario\Downloads\Entrypoint-GitHUb\alovida\mantra-core-he
alth-api\src\common\seed\bolivia-insurance.catalog.ts): use `with { type: 'json' }` for static imports, or pass `{ 
with: { type: 'json' } }` as the second argument to dynamic `import()`.
(node:14640) ExperimentalWarning: VM Modules is an experimental feature and might change at any time
(Use `node --trace-warnings ...` to show where the warning was created)
Test Suites: 1 passed, 1 total
Tests:       9 passed, 9 total
Snapshots:   0 total
Time:        2.648 s, estimated 3 s
Ran all test suites.
Test results written to: docs\trabajo\2026-09-25-auditoria-produccion-backend\evidencia-reproducciones.json
